{"op_code":0,"worker_id":"c2c92061-0a33-4145-9f94-c34a51dc9e5e-140326261499712","study_name":"tune_mlp_hyperparameters","directions":[2]}
{"op_code":4,"worker_id":"c2c92061-0a33-4145-9f94-c34a51dc9e5e-140326261499712","study_id":0,"datetime_start":"2026-07-11T00:52:01.929814"}
{"op_code":5,"worker_id":"c2c92061-0a33-4145-9f94-c34a51dc9e5e-140326261499712","trial_id":0,"param_name":"learning_rate","param_value_internal":0.00043284502212938834,"distribution":"{\"name\": \"FloatDistribution\", \"attributes\": {\"step\": null, \"low\": 0.0001, \"high\": 0.005, \"log\": true}}"}
{"op_code":5,"worker_id":"c2c92061-0a33-4145-9f94-c34a51dc9e5e-140326261499712","trial_id":0,"param_name":"weight_decay","param_value_internal":0.0007114476009343421,"distribution":"{\"name\": \"FloatDistribution\", \"attributes\": {\"step\": null, \"low\": 1e-06, \"high\": 0.001, \"log\": true}}"}
{"op_code":5,"worker_id":"c2c92061-0a33-4145-9f94-c34a51dc9e5e-140326261499712","trial_id":0,"param_name":"batch_size","param_value_internal":0,"distribution":"{\"name\": \"CategoricalDistribution\", \"attributes\": {\"choices\": [32, 64, 128, 256]}}"}
{"op_code":5,"worker_id":"c2c92061-0a33-4145-9f94-c34a51dc9e5e-140326261499712","trial_id":0,"param_name":"input_dropout","param_value_internal":0.12323344486727979,"distribution":"{\"name\": \"FloatDistribution\", \"attributes\": {\"step\": null, \"low\": 0.1, \"high\": 0.5, \"log\": false}}"}
{"op_code":6,"worker_id":"c2c92061-0a33-4145-9f94-c34a51dc9e5e-140326261499712","trial_id":0,"state":1,"values":[0.8768152937183733],"datetime_complete":"2026-07-11T00:53:13.425555"}
{"op_code":4,"worker_id":"c2c92061-0a33-4145-9f94-c34a51dc9e5e-140326261499712","study_id":0,"datetime_start":"2026-07-11T00:53:13.446086"}
{"op_code":5,"worker_id":"c2c92061-0a33-4145-9f94-c34a51dc9e5e-140326261499712","trial_id":1,"param_name":"learning_rate","param_value_internal":0.0029621516588303515,"distribution":"{\"name\": \"FloatDistribution\", \"attributes\": {\"step\": null, \"low\": 0.0001, \"high\": 0.005, \"log\": true}}"}
{"op_code":5,"worker_id":"c2c92061-0a33-4145-9f94-c34a51dc9e5e-140326261499712","trial_id":1,"param_name":"weight_decay","param_value_internal":6.358358856676247e-05,"distribution":"{\"name\": \"FloatDistribution\", \"attributes\": {\"step\": null, \"low\": 1e-06, \"high\": 0.001, \"log\": true}}"}
{"op_code":5,"worker_id":"c2c92061-0a33-4145-9f94-c34a51dc9e5e-140326261499712","trial_id":1,"param_name":"batch_size","param_value_internal":2,"distribution":"{\"name\": \"CategoricalDistribution\", \"attributes\": {\"choices\": [32, 64, 128, 256]}}"}
{"op_code":5,"worker_id":"c2c92061-0a33-4145-9f94-c34a51dc9e5e-140326261499712","trial_id":1,"param_name":"input_dropout","param_value_internal":0.18493564427131048,"distribution":"{\"name\": \"FloatDistribution\", \"attributes\": {\"step\": null, \"low\": 0.1, \"high\": 0.5, \"log\": false}}"}
{"op_code":6,"worker_id":"c2c92061-0a33-4145-9f94-c34a51dc9e5e-140326261499712","trial_id":1,"state":1,"values":[0.8758731842016053],"datetime_complete":"2026-07-11T00:53:37.093979"}
{"op_code":4,"worker_id":"c2c92061-0a33-4145-9f94-c34a51dc9e5e-140326261499712","study_id":0,"datetime_start":"2026-07-11T00:53:37.110452"}
{"op_code":5,"worker_id":"c2c92061-0a33-4145-9f94-c34a51dc9e5e-140326261499712","trial_id":2,"param_name":"learning_rate","param_value_internal":0.00020366442026830908,"distribution":"{\"name\": \"FloatDistribution\", \"attributes\": {\"step\": null, \"low\": 0.0001, \"high\": 0.005, \"log\": true}}"}
{"op_code":5,"worker_id":"c2c92061-0a33-4145-9f94-c34a51dc9e5e-140326261499712","trial_id":2,"param_name":"weight_decay","param_value_internal":3.549878832196506e-06,"distribution":"{\"name\": \"FloatDistribution\", \"attributes\": {\"step\": null, \"low\": 1e-06, \"high\": 0.001, \"log\": true}}"}
{"op_code":5,"worker_id":"c2c92061-0a33-4145-9f94-c34a51dc9e5e-140326261499712","trial_id":2,"param_name":"batch_size","param_value_internal":1,"distribution":"{\"name\": \"CategoricalDistribution\", \"attributes\": {\"choices\": [32, 64, 128, 256]}}"}
{"op_code":5,"worker_id":"c2c92061-0a33-4145-9f94-c34a51dc9e5e-140326261499712","trial_id":2,"param_name":"input_dropout","param_value_internal":0.34474115788895177,"distribution":"{\"name\": \"FloatDistribution\", \"attributes\": {\"step\": null, \"low\": 0.1, \"high\": 0.5, \"log\": false}}"}
{"op_code":6,"worker_id":"c2c92061-0a33-4145-9f94-c34a51dc9e5e-140326261499712","trial_id":2,"state":1,"values":[0.88149619102635],"datetime_complete":"2026-07-11T00:54:17.085643"}
{"op_code":4,"worker_id":"c2c92061-0a33-4145-9f94-c34a51dc9e5e-140326261499712","study_id":0,"datetime_start":"2026-07-11T00:54:17.105855"}
{"op_code":5,"worker_id":"c2c92061-0a33-4145-9f94-c34a51dc9e5e-140326261499712","trial_id":3,"param_name":"learning_rate","param_value_internal":0.00017258215396625024,"distribution":"{\"name\": \"FloatDistribution\", \"attributes\": {\"step\": null, \"low\": 0.0001, \"high\": 0.005, \"log\": true}}"}
{"op_code":5,"worker_id":"c2c92061-0a33-4145-9f94-c34a51dc9e5e-140326261499712","trial_id":3,"param_name":"weight_decay","param_value_internal":7.523742884534855e-06,"distribution":"{\"name\": \"FloatDistribution\", \"attributes\": {\"step\": null, \"low\": 1e-06, \"high\": 0.001, \"log\": true}}"}
{"op_code":5,"worker_id":"c2c92061-0a33-4145-9f94-c34a51dc9e5e-140326261499712","trial_id":3,"param_name":"batch_size","param_value_internal":2,"distribution":"{\"name\": \"CategoricalDistribution\", \"attributes\": {\"choices\": [32, 64, 128, 256]}}"}
{"op_code":5,"worker_id":"c2c92061-0a33-4145-9f94-c34a51dc9e5e-140326261499712","trial_id":3,"param_name":"input_dropout","param_value_internal":0.3056937753654446,"distribution":"{\"name\": \"FloatDistribution\", \"attributes\": {\"step\": null, \"low\": 0.1, \"high\": 0.5, \"log\": false}}"}
{"op_code":6,"worker_id":"c2c92061-0a33-4145-9f94-c34a51dc9e5e-140326261499712","trial_id":3,"state":1,"values":[0.893052194193065],"datetime_complete":"2026-07-11T00:54:41.057539"}
{"op_code":4,"worker_id":"c2c92061-0a33-4145-9f94-c34a51dc9e5e-140326261499712","study_id":0,"datetime_start":"2026-07-11T00:54:41.076417"}
{"op_code":5,"worker_id":"c2c92061-0a33-4145-9f94-c34a51dc9e5e-140326261499712","trial_id":4,"param_name":"learning_rate","param_value_internal":0.0010150667045928574,"distribution":"{\"name\": \"FloatDistribution\", \"attributes\": {\"step\": null, \"low\": 0.0001, \"high\": 0.005, \"log\": true}}"}
{"op_code":5,"worker_id":"c2c92061-0a33-4145-9f94-c34a51dc9e5e-140326261499712","trial_id":4,"param_name":"weight_decay","param_value_internal":1.3783237455007196e-06,"distribution":"{\"name\": \"FloatDistribution\", \"attributes\": {\"step\": null, \"low\": 1e-06, \"high\": 0.001, \"log\": true}}"}
{"op_code":5,"worker_id":"c2c92061-0a33-4145-9f94-c34a51dc9e5e-140326261499712","trial_id":4,"param_name":"batch_size","param_value_internal":3,"distribution":"{\"name\": \"CategoricalDistribution\", \"attributes\": {\"choices\": [32, 64, 128, 256]}}"}
{"op_code":5,"worker_id":"c2c92061-0a33-4145-9f94-c34a51dc9e5e-140326261499712","trial_id":4,"param_name":"input_dropout","param_value_internal":0.4862528132298237,"distribution":"{\"name\": \"FloatDistribution\", \"attributes\": {\"step\": null, \"low\": 0.1, \"high\": 0.5, \"log\": false}}"}
{"op_code":6,"worker_id":"c2c92061-0a33-4145-9f94-c34a51dc9e5e-140326261499712","trial_id":4,"state":1,"values":[0.8883652504058271],"datetime_complete":"2026-07-11T00:54:58.251805"}
{"op_code":4,"worker_id":"c2c92061-0a33-4145-9f94-c34a51dc9e5e-140326261499712","study_id":0,"datetime_start":"2026-07-11T00:54:58.271530"}
{"op_code":5,"worker_id":"c2c92061-0a33-4145-9f94-c34a51dc9e5e-140326261499712","trial_id":5,"param_name":"learning_rate","param_value_internal":0.0023628864184236428,"distribution":"{\"name\": \"FloatDistribution\", \"attributes\": {\"step\": null, \"low\": 0.0001, \"high\": 0.005, \"log\": true}}"}
{"op_code":5,"worker_id":"c2c92061-0a33-4145-9f94-c34a51dc9e5e-140326261499712","trial_id":5,"param_name":"weight_decay","param_value_internal":8.200518402245835e-06,"distribution":"{\"name\": \"FloatDistribution\", \"attributes\": {\"step\": null, \"low\": 1e-06, \"high\": 0.001, \"log\": true}}"}
{"op_code":5,"worker_id":"c2c92061-0a33-4145-9f94-c34a51dc9e5e-140326261499712","trial_id":5,"param_name":"batch_size","param_value_internal":1,"distribution":"{\"name\": \"CategoricalDistribution\", \"attributes\": {\"choices\": [32, 64, 128, 256]}}"}
{"op_code":5,"worker_id":"c2c92061-0a33-4145-9f94-c34a51dc9e5e-140326261499712","trial_id":5,"param_name":"input_dropout","param_value_internal":0.29807076404450805,"distribution":"{\"name\": \"FloatDistribution\", \"attributes\": {\"step\": null, \"low\": 0.1, \"high\": 0.5, \"log\": false}}"}
{"op_code":6,"worker_id":"c2c92061-0a33-4145-9f94-c34a51dc9e5e-140326261499712","trial_id":5,"state":1,"values":[0.8598881573321475],"datetime_complete":"2026-07-11T00:55:38.499927"}
{"op_code":4,"worker_id":"c2c92061-0a33-4145-9f94-c34a51dc9e5e-140326261499712","study_id":0,"datetime_start":"2026-07-11T00:55:38.515558"}
{"op_code":5,"worker_id":"c2c92061-0a33-4145-9f94-c34a51dc9e5e-140326261499712","trial_id":6,"param_name":"learning_rate","param_value_internal":0.00011439974749291271,"distribution":"{\"name\": \"FloatDistribution\", \"attributes\": {\"step\": null, \"low\": 0.0001, \"high\": 0.005, \"log\": true}}"}
{"op_code":5,"worker_id":"c2c92061-0a33-4145-9f94-c34a51dc9e5e-140326261499712","trial_id":6,"param_name":"weight_decay","param_value_internal":0.0005345166110646819,"distribution":"{\"name\": \"FloatDistribution\", \"attributes\": {\"step\": null, \"low\": 1e-06, \"high\": 0.001, \"log\": true}}"}
{"op_code":5,"worker_id":"c2c92061-0a33-4145-9f94-c34a51dc9e5e-140326261499712","trial_id":6,"param_name":"batch_size","param_value_internal":1,"distribution":"{\"name\": \"CategoricalDistribution\", \"attributes\": {\"choices\": [32, 64, 128, 256]}}"}
{"op_code":5,"worker_id":"c2c92061-0a33-4145-9f94-c34a51dc9e5e-140326261499712","trial_id":6,"param_name":"input_dropout","param_value_internal":0.31868411173731187,"distribution":"{\"name\": \"FloatDistribution\", \"attributes\": {\"step\": null, \"low\": 0.1, \"high\": 0.5, \"log\": false}}"}
{"op_code":6,"worker_id":"c2c92061-0a33-4145-9f94-c34a51dc9e5e-140326261499712","trial_id":6,"state":1,"values":[0.8873523624728343],"datetime_complete":"2026-07-11T00:56:18.906457"}
{"op_code":4,"worker_id":"c2c92061-0a33-4145-9f94-c34a51dc9e5e-140326261499712","study_id":0,"datetime_start":"2026-07-11T00:56:18.927196"}
{"op_code":5,"worker_id":"c2c92061-0a33-4145-9f94-c34a51dc9e5e-140326261499712","trial_id":7,"param_name":"learning_rate","param_value_internal":0.0002060924941320236,"distribution":"{\"name\": \"FloatDistribution\", \"attributes\": {\"step\": null, \"low\": 0.0001, \"high\": 0.005, \"log\": true}}"}
{"op_code":5,"worker_id":"c2c92061-0a33-4145-9f94-c34a51dc9e5e-140326261499712","trial_id":7,"param_name":"weight_decay","param_value_internal":0.0008105016126411582,"distribution":"{\"name\": \"FloatDistribution\", \"attributes\": {\"step\": null, \"low\": 1e-06, \"high\": 0.001, \"log\": true}}"}
{"op_code":5,"worker_id":"c2c92061-0a33-4145-9f94-c34a51dc9e5e-140326261499712","trial_id":7,"param_name":"batch_size","param_value_internal":1,"distribution":"{\"name\": \"CategoricalDistribution\", \"attributes\": {\"choices\": [32, 64, 128, 256]}}"}
{"op_code":5,"worker_id":"c2c92061-0a33-4145-9f94-c34a51dc9e5e-140326261499712","trial_id":7,"param_name":"input_dropout","param_value_internal":0.4687496940092467,"distribution":"{\"name\": \"FloatDistribution\", \"attributes\": {\"step\": null, \"low\": 0.1, \"high\": 0.5, \"log\": false}}"}
{"op_code":6,"worker_id":"c2c92061-0a33-4145-9f94-c34a51dc9e5e-140326261499712","trial_id":7,"state":1,"values":[0.8917623058697842],"datetime_complete":"2026-07-11T00:56:59.503972"}
{"op_code":4,"worker_id":"c2c92061-0a33-4145-9f94-c34a51dc9e5e-140326261499712","study_id":0,"datetime_start":"2026-07-11T00:56:59.521563"}
{"op_code":5,"worker_id":"c2c92061-0a33-4145-9f94-c34a51dc9e5e-140326261499712","trial_id":8,"param_name":"learning_rate","param_value_internal":0.00014136637008121868,"distribution":"{\"name\": \"FloatDistribution\", \"attributes\": {\"step\": null, \"low\": 0.0001, \"high\": 0.005, \"log\": true}}"}
{"op_code":5,"worker_id":"c2c92061-0a33-4145-9f94-c34a51dc9e5e-140326261499712","trial_id":8,"param_name":"weight_decay","param_value_internal":3.87211803217458e-06,"distribution":"{\"name\": \"FloatDistribution\", \"attributes\": {\"step\": null, \"low\": 1e-06, \"high\": 0.001, \"log\": true}}"}
{"op_code":5,"worker_id":"c2c92061-0a33-4145-9f94-c34a51dc9e5e-140326261499712","trial_id":8,"param_name":"batch_size","param_value_internal":2,"distribution":"{\"name\": \"CategoricalDistribution\", \"attributes\": {\"choices\": [32, 64, 128, 256]}}"}
{"op_code":5,"worker_id":"c2c92061-0a33-4145-9f94-c34a51dc9e5e-140326261499712","trial_id":8,"param_name":"input_dropout","param_value_internal":0.43149500366077176,"distribution":"{\"name\": \"FloatDistribution\", \"attributes\": {\"step\": null, \"low\": 0.1, \"high\": 0.5, \"log\": false}}"}
{"op_code":6,"worker_id":"c2c92061-0a33-4145-9f94-c34a51dc9e5e-140326261499712","trial_id":8,"state":1,"values":[0.8752766267105964],"datetime_complete":"2026-07-11T00:57:23.857251"}
{"op_code":4,"worker_id":"c2c92061-0a33-4145-9f94-c34a51dc9e5e-140326261499712","study_id":0,"datetime_start":"2026-07-11T00:57:23.877915"}
{"op_code":5,"worker_id":"c2c92061-0a33-4145-9f94-c34a51dc9e5e-140326261499712","trial_id":9,"param_name":"learning_rate","param_value_internal":0.00040375061884407573,"distribution":"{\"name\": \"FloatDistribution\", \"attributes\": {\"step\": null, \"low\": 0.0001, \"high\": 0.005, \"log\": true}}"}
{"op_code":5,"worker_id":"c2c92061-0a33-4145-9f94-c34a51dc9e5e-140326261499712","trial_id":9,"param_name":"weight_decay","param_value_internal":6.963114377829292e-06,"distribution":"{\"name\": \"FloatDistribution\", \"attributes\": {\"step\": null, \"low\": 1e-06, \"high\": 0.001, \"log\": true}}"}
{"op_code":5,"worker_id":"c2c92061-0a33-4145-9f94-c34a51dc9e5e-140326261499712","trial_id":9,"param_name":"batch_size","param_value_internal":2,"distribution":"{\"name\": \"CategoricalDistribution\", \"attributes\": {\"choices\": [32, 64, 128, 256]}}"}
{"op_code":5,"worker_id":"c2c92061-0a33-4145-9f94-c34a51dc9e5e-140326261499712","trial_id":9,"param_name":"input_dropout","param_value_internal":0.4947547746402069,"distribution":"{\"name\": \"FloatDistribution\", \"attributes\": {\"step\": null, \"low\": 0.1, \"high\": 0.5, \"log\": false}}"}
{"op_code":6,"worker_id":"c2c92061-0a33-4145-9f94-c34a51dc9e5e-140326261499712","trial_id":9,"state":1,"values":[0.9004755045152947],"datetime_complete":"2026-07-11T00:57:48.284314"}
{"op_code":4,"worker_id":"c2c92061-0a33-4145-9f94-c34a51dc9e5e-140326261499712","study_id":0,"datetime_start":"2026-07-11T00:57:48.311887"}
{"op_code":5,"worker_id":"c2c92061-0a33-4145-9f94-c34a51dc9e5e-140326261499712","trial_id":10,"param_name":"learning_rate","param_value_internal":0.0007459309651146723,"distribution":"{\"name\": \"FloatDistribution\", \"attributes\": {\"step\": null, \"low\": 0.0001, \"high\": 0.005, \"log\": true}}"}
{"op_code":5,"worker_id":"c2c92061-0a33-4145-9f94-c34a51dc9e5e-140326261499712","trial_id":10,"param_name":"weight_decay","param_value_internal":5.5916805626314315e-05,"distribution":"{\"name\": \"FloatDistribution\", \"attributes\": {\"step\": null, \"low\": 1e-06, \"high\": 0.001, \"log\": true}}"}
{"op_code":5,"worker_id":"c2c92061-0a33-4145-9f94-c34a51dc9e5e-140326261499712","trial_id":10,"param_name":"batch_size","param_value_internal":3,"distribution":"{\"name\": \"CategoricalDistribution\", \"attributes\": {\"choices\": [32, 64, 128, 256]}}"}
{"op_code":5,"worker_id":"c2c92061-0a33-4145-9f94-c34a51dc9e5e-140326261499712","trial_id":10,"param_name":"input_dropout","param_value_internal":0.21233190891850384,"distribution":"{\"name\": \"FloatDistribution\", \"attributes\": {\"step\": null, \"low\": 0.1, \"high\": 0.5, \"log\": false}}"}
{"op_code":6,"worker_id":"c2c92061-0a33-4145-9f94-c34a51dc9e5e-140326261499712","trial_id":10,"state":1,"values":[0.8840349992319246],"datetime_complete":"2026-07-11T00:58:05.491514"}
{"op_code":4,"worker_id":"c2c92061-0a33-4145-9f94-c34a51dc9e5e-140326261499712","study_id":0,"datetime_start":"2026-07-11T00:58:05.502447"}
{"op_code":5,"worker_id":"c2c92061-0a33-4145-9f94-c34a51dc9e5e-140326261499712","trial_id":11,"param_name":"learning_rate","param_value_internal":0.00036593858966025726,"distribution":"{\"name\": \"FloatDistribution\", \"attributes\": {\"step\": null, \"low\": 0.0001, \"high\": 0.005, \"log\": true}}"}
{"op_code":5,"worker_id":"c2c92061-0a33-4145-9f94-c34a51dc9e5e-140326261499712","trial_id":11,"param_name":"weight_decay","param_value_internal":2.1140531438328945e-05,"distribution":"{\"name\": \"FloatDistribution\", \"attributes\": {\"step\": null, \"low\": 1e-06, \"high\": 0.001, \"log\": true}}"}
{"op_code":5,"worker_id":"c2c92061-0a33-4145-9f94-c34a51dc9e5e-140326261499712","trial_id":11,"param_name":"batch_size","param_value_internal":2,"distribution":"{\"name\": \"CategoricalDistribution\", \"attributes\": {\"choices\": [32, 64, 128, 256]}}"}
{"op_code":5,"worker_id":"c2c92061-0a33-4145-9f94-c34a51dc9e5e-140326261499712","trial_id":11,"param_name":"input_dropout","param_value_internal":0.4138149629029418,"distribution":"{\"name\": \"FloatDistribution\", \"attributes\": {\"step\": null, \"low\": 0.1, \"high\": 0.5, \"log\": false}}"}
{"op_code":6,"worker_id":"c2c92061-0a33-4145-9f94-c34a51dc9e5e-140326261499712","trial_id":11,"state":1,"values":[0.8959526297710652],"datetime_complete":"2026-07-11T00:58:29.782727"}
{"op_code":4,"worker_id":"c2c92061-0a33-4145-9f94-c34a51dc9e5e-140326261499712","study_id":0,"datetime_start":"2026-07-11T00:58:29.793322"}
{"op_code":5,"worker_id":"c2c92061-0a33-4145-9f94-c34a51dc9e5e-140326261499712","trial_id":12,"param_name":"learning_rate","param_value_internal":0.0003705159958468014,"distribution":"{\"name\": \"FloatDistribution\", \"attributes\": {\"step\": null, \"low\": 0.0001, \"high\": 0.005, \"log\": true}}"}
{"op_code":5,"worker_id":"c2c92061-0a33-4145-9f94-c34a51dc9e5e-140326261499712","trial_id":12,"param_name":"weight_decay","param_value_internal":3.799934985576661e-05,"distribution":"{\"name\": \"FloatDistribution\", \"attributes\": {\"step\": null, \"low\": 1e-06, \"high\": 0.001, \"log\": true}}"}
{"op_code":5,"worker_id":"c2c92061-0a33-4145-9f94-c34a51dc9e5e-140326261499712","trial_id":12,"param_name":"batch_size","param_value_internal":2,"distribution":"{\"name\": \"CategoricalDistribution\", \"attributes\": {\"choices\": [32, 64, 128, 256]}}"}
{"op_code":5,"worker_id":"c2c92061-0a33-4145-9f94-c34a51dc9e5e-140326261499712","trial_id":12,"param_name":"input_dropout","param_value_internal":0.39895767492208367,"distribution":"{\"name\": \"FloatDistribution\", \"attributes\": {\"step\": null, \"low\": 0.1, \"high\": 0.5, \"log\": false}}"}
{"op_code":6,"worker_id":"c2c92061-0a33-4145-9f94-c34a51dc9e5e-140326261499712","trial_id":12,"state":1,"values":[0.8929320694755865],"datetime_complete":"2026-07-11T00:58:53.961619"}
{"op_code":4,"worker_id":"c2c92061-0a33-4145-9f94-c34a51dc9e5e-140326261499712","study_id":0,"datetime_start":"2026-07-11T00:58:53.973572"}
{"op_code":5,"worker_id":"c2c92061-0a33-4145-9f94-c34a51dc9e5e-140326261499712","trial_id":13,"param_name":"learning_rate","param_value_internal":0.00042578304440014377,"distribution":"{\"name\": \"FloatDistribution\", \"attributes\": {\"step\": null, \"low\": 0.0001, \"high\": 0.005, \"log\": true}}"}
{"op_code":5,"worker_id":"c2c92061-0a33-4145-9f94-c34a51dc9e5e-140326261499712","trial_id":13,"param_name":"weight_decay","param_value_internal":2.0094111846413368e-05,"distribution":"{\"name\": \"FloatDistribution\", \"attributes\": {\"step\": null, \"low\": 1e-06, \"high\": 0.001, \"log\": true}}"}
{"op_code":5,"worker_id":"c2c92061-0a33-4145-9f94-c34a51dc9e5e-140326261499712","trial_id":13,"param_name":"batch_size","param_value_internal":2,"distribution":"{\"name\": \"CategoricalDistribution\", \"attributes\": {\"choices\": [32, 64, 128, 256]}}"}
{"op_code":5,"worker_id":"c2c92061-0a33-4145-9f94-c34a51dc9e5e-140326261499712","trial_id":13,"param_name":"input_dropout","param_value_internal":0.39621850743190945,"distribution":"{\"name\": \"FloatDistribution\", \"attributes\": {\"step\": null, \"low\": 0.1, \"high\": 0.5, \"log\": false}}"}
{"op_code":6,"worker_id":"c2c92061-0a33-4145-9f94-c34a51dc9e5e-140326261499712","trial_id":13,"state":1,"values":[0.9013253499708982],"datetime_complete":"2026-07-11T00:59:18.133862"}
{"op_code":4,"worker_id":"c2c92061-0a33-4145-9f94-c34a51dc9e5e-140326261499712","study_id":0,"datetime_start":"2026-07-11T00:59:18.145095"}
{"op_code":5,"worker_id":"c2c92061-0a33-4145-9f94-c34a51dc9e5e-140326261499712","trial_id":14,"param_name":"learning_rate","param_value_internal":0.0010754441677620803,"distribution":"{\"name\": \"FloatDistribution\", \"attributes\": {\"step\": null, \"low\": 0.0001, \"high\": 0.005, \"log\": true}}"}
{"op_code":5,"worker_id":"c2c92061-0a33-4145-9f94-c34a51dc9e5e-140326261499712","trial_id":14,"param_name":"weight_decay","param_value_internal":0.00016962178284239535,"distribution":"{\"name\": \"FloatDistribution\", \"attributes\": {\"step\": null, \"low\": 1e-06, \"high\": 0.001, \"log\": true}}"}
{"op_code":5,"worker_id":"c2c92061-0a33-4145-9f94-c34a51dc9e5e-140326261499712","trial_id":14,"param_name":"batch_size","param_value_internal":0,"distribution":"{\"name\": \"CategoricalDistribution\", \"attributes\": {\"choices\": [32, 64, 128, 256]}}"}
{"op_code":5,"worker_id":"c2c92061-0a33-4145-9f94-c34a51dc9e5e-140326261499712","trial_id":14,"param_name":"input_dropout","param_value_internal":0.38796723525814264,"distribution":"{\"name\": \"FloatDistribution\", \"attributes\": {\"step\": null, \"low\": 0.1, \"high\": 0.5, \"log\": false}}"}
{"op_code":6,"worker_id":"c2c92061-0a33-4145-9f94-c34a51dc9e5e-140326261499712","trial_id":14,"state":1,"values":[0.8868047397024483],"datetime_complete":"2026-07-11T01:00:27.858962"}
{"op_code":4,"worker_id":"c2c92061-0a33-4145-9f94-c34a51dc9e5e-140326261499712","study_id":0,"datetime_start":"2026-07-11T01:00:27.879474"}
{"op_code":5,"worker_id":"c2c92061-0a33-4145-9f94-c34a51dc9e5e-140326261499712","trial_id":15,"param_name":"learning_rate","param_value_internal":0.0005669192388775804,"distribution":"{\"name\": \"FloatDistribution\", \"attributes\": {\"step\": null, \"low\": 0.0001, \"high\": 0.005, \"log\": true}}"}
{"op_code":5,"worker_id":"c2c92061-0a33-4145-9f94-c34a51dc9e5e-140326261499712","trial_id":15,"param_name":"weight_decay","param_value_internal":1.51339872671481e-05,"distribution":"{\"name\": \"FloatDistribution\", \"attributes\": {\"step\": null, \"low\": 1e-06, \"high\": 0.001, \"log\": true}}"}
{"op_code":5,"worker_id":"c2c92061-0a33-4145-9f94-c34a51dc9e5e-140326261499712","trial_id":15,"param_name":"batch_size","param_value_internal":2,"distribution":"{\"name\": \"CategoricalDistribution\", \"attributes\": {\"choices\": [32, 64, 128, 256]}}"}
{"op_code":5,"worker_id":"c2c92061-0a33-4145-9f94-c34a51dc9e5e-140326261499712","trial_id":15,"param_name":"input_dropout","param_value_internal":0.48052262417426306,"distribution":"{\"name\": \"FloatDistribution\", \"attributes\": {\"step\": null, \"low\": 0.1, \"high\": 0.5, \"log\": false}}"}
{"op_code":6,"worker_id":"c2c92061-0a33-4145-9f94-c34a51dc9e5e-140326261499712","trial_id":15,"state":1,"values":[0.8950325018451732],"datetime_complete":"2026-07-11T01:00:52.252864"}
{"op_code":4,"worker_id":"c2c92061-0a33-4145-9f94-c34a51dc9e5e-140326261499712","study_id":0,"datetime_start":"2026-07-11T01:00:52.263731"}
{"op_code":5,"worker_id":"c2c92061-0a33-4145-9f94-c34a51dc9e5e-140326261499712","trial_id":16,"param_name":"learning_rate","param_value_internal":0.0017423014729425694,"distribution":"{\"name\": \"FloatDistribution\", \"attributes\": {\"step\": null, \"low\": 0.0001, \"high\": 0.005, \"log\": true}}"}
{"op_code":5,"worker_id":"c2c92061-0a33-4145-9f94-c34a51dc9e5e-140326261499712","trial_id":16,"param_name":"weight_decay","param_value_internal":1.2611236054600717e-06,"distribution":"{\"name\": \"FloatDistribution\", \"attributes\": {\"step\": null, \"low\": 1e-06, \"high\": 0.001, \"log\": true}}"}
{"op_code":5,"worker_id":"c2c92061-0a33-4145-9f94-c34a51dc9e5e-140326261499712","trial_id":16,"param_name":"batch_size","param_value_internal":2,"distribution":"{\"name\": \"CategoricalDistribution\", \"attributes\": {\"choices\": [32, 64, 128, 256]}}"}
{"op_code":5,"worker_id":"c2c92061-0a33-4145-9f94-c34a51dc9e5e-140326261499712","trial_id":16,"param_name":"input_dropout","param_value_internal":0.3636379083615593,"distribution":"{\"name\": \"FloatDistribution\", \"attributes\": {\"step\": null, \"low\": 0.1, \"high\": 0.5, \"log\": false}}"}
{"op_code":6,"worker_id":"c2c92061-0a33-4145-9f94-c34a51dc9e5e-140326261499712","trial_id":16,"state":1,"values":[0.8800291045638102],"datetime_complete":"2026-07-11T01:01:16.505037"}
{"op_code":4,"worker_id":"c2c92061-0a33-4145-9f94-c34a51dc9e5e-140326261499712","study_id":0,"datetime_start":"2026-07-11T01:01:16.519872"}
{"op_code":5,"worker_id":"c2c92061-0a33-4145-9f94-c34a51dc9e5e-140326261499712","trial_id":17,"param_name":"learning_rate","param_value_internal":0.004401954675079127,"distribution":"{\"name\": \"FloatDistribution\", \"attributes\": {\"step\": null, \"low\": 0.0001, \"high\": 0.005, \"log\": true}}"}
{"op_code":5,"worker_id":"c2c92061-0a33-4145-9f94-c34a51dc9e5e-140326261499712","trial_id":17,"param_name":"weight_decay","param_value_internal":0.0001329798539269562,"distribution":"{\"name\": \"FloatDistribution\", \"attributes\": {\"step\": null, \"low\": 1e-06, \"high\": 0.001, \"log\": true}}"}
{"op_code":5,"worker_id":"c2c92061-0a33-4145-9f94-c34a51dc9e5e-140326261499712","trial_id":17,"param_name":"batch_size","param_value_internal":2,"distribution":"{\"name\": \"CategoricalDistribution\", \"attributes\": {\"choices\": [32, 64, 128, 256]}}"}
{"op_code":5,"worker_id":"c2c92061-0a33-4145-9f94-c34a51dc9e5e-140326261499712","trial_id":17,"param_name":"input_dropout","param_value_internal":0.44386582379927014,"distribution":"{\"name\": \"FloatDistribution\", \"attributes\": {\"step\": null, \"low\": 0.1, \"high\": 0.5, \"log\": false}}"}
{"op_code":6,"worker_id":"c2c92061-0a33-4145-9f94-c34a51dc9e5e-140326261499712","trial_id":17,"state":1,"values":[0.8782616739181192],"datetime_complete":"2026-07-11T01:01:40.885832"}
{"op_code":4,"worker_id":"c2c92061-0a33-4145-9f94-c34a51dc9e5e-140326261499712","study_id":0,"datetime_start":"2026-07-11T01:01:40.896966"}
{"op_code":5,"worker_id":"c2c92061-0a33-4145-9f94-c34a51dc9e5e-140326261499712","trial_id":18,"param_name":"learning_rate","param_value_internal":0.00027200777052587455,"distribution":"{\"name\": \"FloatDistribution\", \"attributes\": {\"step\": null, \"low\": 0.0001, \"high\": 0.005, \"log\": true}}"}
{"op_code":5,"worker_id":"c2c92061-0a33-4145-9f94-c34a51dc9e5e-140326261499712","trial_id":18,"param_name":"weight_decay","param_value_internal":1.762740692923263e-05,"distribution":"{\"name\": \"FloatDistribution\", \"attributes\": {\"step\": null, \"low\": 1e-06, \"high\": 0.001, \"log\": true}}"}
{"op_code":5,"worker_id":"c2c92061-0a33-4145-9f94-c34a51dc9e5e-140326261499712","trial_id":18,"param_name":"batch_size","param_value_internal":3,"distribution":"{\"name\": \"CategoricalDistribution\", \"attributes\": {\"choices\": [32, 64, 128, 256]}}"}
{"op_code":5,"worker_id":"c2c92061-0a33-4145-9f94-c34a51dc9e5e-140326261499712","trial_id":18,"param_name":"input_dropout","param_value_internal":0.26045796213854344,"distribution":"{\"name\": \"FloatDistribution\", \"attributes\": {\"step\": null, \"low\": 0.1, \"high\": 0.5, \"log\": false}}"}
{"op_code":6,"worker_id":"c2c92061-0a33-4145-9f94-c34a51dc9e5e-140326261499712","trial_id":18,"state":1,"values":[0.8833113409876134],"datetime_complete":"2026-07-11T01:01:57.851857"}
{"op_code":4,"worker_id":"c2c92061-0a33-4145-9f94-c34a51dc9e5e-140326261499712","study_id":0,"datetime_start":"2026-07-11T01:01:57.868292"}
{"op_code":5,"worker_id":"c2c92061-0a33-4145-9f94-c34a51dc9e5e-140326261499712","trial_id":19,"param_name":"learning_rate","param_value_internal":0.0008466870607239008,"distribution":"{\"name\": \"FloatDistribution\", \"attributes\": {\"step\": null, \"low\": 0.0001, \"high\": 0.005, \"log\": true}}"}
{"op_code":5,"worker_id":"c2c92061-0a33-4145-9f94-c34a51dc9e5e-140326261499712","trial_id":19,"param_name":"weight_decay","param_value_internal":3.757524776378805e-06,"distribution":"{\"name\": \"FloatDistribution\", \"attributes\": {\"step\": null, \"low\": 1e-06, \"high\": 0.001, \"log\": true}}"}
{"op_code":5,"worker_id":"c2c92061-0a33-4145-9f94-c34a51dc9e5e-140326261499712","trial_id":19,"param_name":"batch_size","param_value_internal":0,"distribution":"{\"name\": \"CategoricalDistribution\", \"attributes\": {\"choices\": [32, 64, 128, 256]}}"}
{"op_code":5,"worker_id":"c2c92061-0a33-4145-9f94-c34a51dc9e5e-140326261499712","trial_id":19,"param_name":"input_dropout","param_value_internal":0.49840679574448543,"distribution":"{\"name\": \"FloatDistribution\", \"attributes\": {\"step\": null, \"low\": 0.1, \"high\": 0.5, \"log\": false}}"}
{"op_code":6,"worker_id":"c2c92061-0a33-4145-9f94-c34a51dc9e5e-140326261499712","trial_id":19,"state":1,"values":[0.8839555471594458],"datetime_complete":"2026-07-11T01:03:07.746993"}
{"op_code":4,"worker_id":"c2c92061-0a33-4145-9f94-c34a51dc9e5e-140326261499712","study_id":0,"datetime_start":"2026-07-11T01:03:07.763718"}
{"op_code":5,"worker_id":"c2c92061-0a33-4145-9f94-c34a51dc9e5e-140326261499712","trial_id":20,"param_name":"learning_rate","param_value_internal":0.0005636295226045862,"distribution":"{\"name\": \"FloatDistribution\", \"attributes\": {\"step\": null, \"low\": 0.0001, \"high\": 0.005, \"log\": true}}"}
{"op_code":5,"worker_id":"c2c92061-0a33-4145-9f94-c34a51dc9e5e-140326261499712","trial_id":20,"param_name":"weight_decay","param_value_internal":8.783626633029297e-06,"distribution":"{\"name\": \"FloatDistribution\", \"attributes\": {\"step\": null, \"low\": 1e-06, \"high\": 0.001, \"log\": true}}"}
{"op_code":5,"worker_id":"c2c92061-0a33-4145-9f94-c34a51dc9e5e-140326261499712","trial_id":20,"param_name":"batch_size","param_value_internal":2,"distribution":"{\"name\": \"CategoricalDistribution\", \"attributes\": {\"choices\": [32, 64, 128, 256]}}"}
{"op_code":5,"worker_id":"c2c92061-0a33-4145-9f94-c34a51dc9e5e-140326261499712","trial_id":20,"param_name":"input_dropout","param_value_internal":0.44257173260357147,"distribution":"{\"name\": \"FloatDistribution\", \"attributes\": {\"step\": null, \"low\": 0.1, \"high\": 0.5, \"log\": false}}"}
{"op_code":6,"worker_id":"c2c92061-0a33-4145-9f94-c34a51dc9e5e-140326261499712","trial_id":20,"state":1,"values":[0.8815454803444128],"datetime_complete":"2026-07-11T01:03:32.023513"}
{"op_code":4,"worker_id":"c2c92061-0a33-4145-9f94-c34a51dc9e5e-140326261499712","study_id":0,"datetime_start":"2026-07-11T01:03:32.036534"}
{"op_code":5,"worker_id":"c2c92061-0a33-4145-9f94-c34a51dc9e5e-140326261499712","trial_id":21,"param_name":"learning_rate","param_value_internal":0.0003191214853982665,"distribution":"{\"name\": \"FloatDistribution\", \"attributes\": {\"step\": null, \"low\": 0.0001, \"high\": 0.005, \"log\": true}}"}
{"op_code":5,"worker_id":"c2c92061-0a33-4145-9f94-c34a51dc9e5e-140326261499712","trial_id":21,"param_name":"weight_decay","param_value_internal":2.6499325777096514e-05,"distribution":"{\"name\": \"FloatDistribution\", \"attributes\": {\"step\": null, \"low\": 1e-06, \"high\": 0.001, \"log\": true}}"}
{"op_code":5,"worker_id":"c2c92061-0a33-4145-9f94-c34a51dc9e5e-140326261499712","trial_id":21,"param_name":"batch_size","param_value_internal":2,"distribution":"{\"name\": \"CategoricalDistribution\", \"attributes\": {\"choices\": [32, 64, 128, 256]}}"}
{"op_code":5,"worker_id":"c2c92061-0a33-4145-9f94-c34a51dc9e5e-140326261499712","trial_id":21,"param_name":"input_dropout","param_value_internal":0.4065567474085097,"distribution":"{\"name\": \"FloatDistribution\", \"attributes\": {\"step\": null, \"low\": 0.1, \"high\": 0.5, \"log\": false}}"}
{"op_code":6,"worker_id":"c2c92061-0a33-4145-9f94-c34a51dc9e5e-140326261499712","trial_id":21,"state":1,"values":[0.8902882619075172],"datetime_complete":"2026-07-11T01:03:56.197638"}
{"op_code":4,"worker_id":"c2c92061-0a33-4145-9f94-c34a51dc9e5e-140326261499712","study_id":0,"datetime_start":"2026-07-11T01:03:56.208458"}
{"op_code":5,"worker_id":"c2c92061-0a33-4145-9f94-c34a51dc9e5e-140326261499712","trial_id":22,"param_name":"learning_rate","param_value_internal":0.0005108199503535539,"distribution":"{\"name\": \"FloatDistribution\", \"attributes\": {\"step\": null, \"low\": 0.0001, \"high\": 0.005, \"log\": true}}"}
{"op_code":5,"worker_id":"c2c92061-0a33-4145-9f94-c34a51dc9e5e-140326261499712","trial_id":22,"param_name":"weight_decay","param_value_internal":1.515401841303404e-05,"distribution":"{\"name\": \"FloatDistribution\", \"attributes\": {\"step\": null, \"low\": 1e-06, \"high\": 0.001, \"log\": true}}"}
{"op_code":5,"worker_id":"c2c92061-0a33-4145-9f94-c34a51dc9e5e-140326261499712","trial_id":22,"param_name":"batch_size","param_value_internal":2,"distribution":"{\"name\": \"CategoricalDistribution\", \"attributes\": {\"choices\": [32, 64, 128, 256]}}"}
{"op_code":5,"worker_id":"c2c92061-0a33-4145-9f94-c34a51dc9e5e-140326261499712","trial_id":22,"param_name":"input_dropout","param_value_internal":0.36517836825284655,"distribution":"{\"name\": \"FloatDistribution\", \"attributes\": {\"step\": null, \"low\": 0.1, \"high\": 0.5, \"log\": false}}"}
{"op_code":6,"worker_id":"c2c92061-0a33-4145-9f94-c34a51dc9e5e-140326261499712","trial_id":22,"state":1,"values":[0.8830557821669979],"datetime_complete":"2026-07-11T01:04:20.286720"}
{"op_code":4,"worker_id":"c2c92061-0a33-4145-9f94-c34a51dc9e5e-140326261499712","study_id":0,"datetime_start":"2026-07-11T01:04:20.298492"}
{"op_code":5,"worker_id":"c2c92061-0a33-4145-9f94-c34a51dc9e5e-140326261499712","trial_id":23,"param_name":"learning_rate","param_value_internal":0.0002939604397773322,"distribution":"{\"name\": \"FloatDistribution\", \"attributes\": {\"step\": null, \"low\": 0.0001, \"high\": 0.005, \"log\": true}}"}
{"op_code":5,"worker_id":"c2c92061-0a33-4145-9f94-c34a51dc9e5e-140326261499712","trial_id":23,"param_name":"weight_decay","param_value_internal":0.00011329114692792531,"distribution":"{\"name\": \"FloatDistribution\", \"attributes\": {\"step\": null, \"low\": 1e-06, \"high\": 0.001, \"log\": true}}"}
{"op_code":5,"worker_id":"c2c92061-0a33-4145-9f94-c34a51dc9e5e-140326261499712","trial_id":23,"param_name":"batch_size","param_value_internal":2,"distribution":"{\"name\": \"CategoricalDistribution\", \"attributes\": {\"choices\": [32, 64, 128, 256]}}"}
{"op_code":5,"worker_id":"c2c92061-0a33-4145-9f94-c34a51dc9e5e-140326261499712","trial_id":23,"param_name":"input_dropout","param_value_internal":0.4179904171876144,"distribution":"{\"name\": \"FloatDistribution\", \"attributes\": {\"step\": null, \"low\": 0.1, \"high\": 0.5, \"log\": false}}"}
{"op_code":6,"worker_id":"c2c92061-0a33-4145-9f94-c34a51dc9e5e-140326261499712","trial_id":23,"state":1,"values":[0.898338090391014],"datetime_complete":"2026-07-11T01:04:44.436823"}
{"op_code":4,"worker_id":"c2c92061-0a33-4145-9f94-c34a51dc9e5e-140326261499712","study_id":0,"datetime_start":"2026-07-11T01:04:44.450733"}
{"op_code":5,"worker_id":"c2c92061-0a33-4145-9f94-c34a51dc9e5e-140326261499712","trial_id":24,"param_name":"learning_rate","param_value_internal":0.00026567739879123693,"distribution":"{\"name\": \"FloatDistribution\", \"attributes\": {\"step\": null, \"low\": 0.0001, \"high\": 0.005, \"log\": true}}"}
{"op_code":5,"worker_id":"c2c92061-0a33-4145-9f94-c34a51dc9e5e-140326261499712","trial_id":24,"param_name":"weight_decay","param_value_internal":0.0002495261495555091,"distribution":"{\"name\": \"FloatDistribution\", \"attributes\": {\"step\": null, \"low\": 1e-06, \"high\": 0.001, \"log\": true}}"}
{"op_code":5,"worker_id":"c2c92061-0a33-4145-9f94-c34a51dc9e5e-140326261499712","trial_id":24,"param_name":"batch_size","param_value_internal":2,"distribution":"{\"name\": \"CategoricalDistribution\", \"attributes\": {\"choices\": [32, 64, 128, 256]}}"}
{"op_code":5,"worker_id":"c2c92061-0a33-4145-9f94-c34a51dc9e5e-140326261499712","trial_id":24,"param_name":"input_dropout","param_value_internal":0.455109788334457,"distribution":"{\"name\": \"FloatDistribution\", \"attributes\": {\"step\": null, \"low\": 0.1, \"high\": 0.5, \"log\": false}}"}
{"op_code":6,"worker_id":"c2c92061-0a33-4145-9f94-c34a51dc9e5e-140326261499712","trial_id":24,"state":1,"values":[0.8848045721402262],"datetime_complete":"2026-07-11T01:05:08.635129"}
{"op_code":4,"worker_id":"c2c92061-0a33-4145-9f94-c34a51dc9e5e-140326261499712","study_id":0,"datetime_start":"2026-07-11T01:05:08.653126"}
{"op_code":5,"worker_id":"c2c92061-0a33-4145-9f94-c34a51dc9e5e-140326261499712","trial_id":25,"param_name":"learning_rate","param_value_internal":0.0006870286302583862,"distribution":"{\"name\": \"FloatDistribution\", \"attributes\": {\"step\": null, \"low\": 0.0001, \"high\": 0.005, \"log\": true}}"}
{"op_code":5,"worker_id":"c2c92061-0a33-4145-9f94-c34a51dc9e5e-140326261499712","trial_id":25,"param_name":"weight_decay","param_value_internal":7.899053406910647e-05,"distribution":"{\"name\": \"FloatDistribution\", \"attributes\": {\"step\": null, \"low\": 1e-06, \"high\": 0.001, \"log\": true}}"}
{"op_code":5,"worker_id":"c2c92061-0a33-4145-9f94-c34a51dc9e5e-140326261499712","trial_id":25,"param_name":"batch_size","param_value_internal":2,"distribution":"{\"name\": \"CategoricalDistribution\", \"attributes\": {\"choices\": [32, 64, 128, 256]}}"}
{"op_code":5,"worker_id":"c2c92061-0a33-4145-9f94-c34a51dc9e5e-140326261499712","trial_id":25,"param_name":"input_dropout","param_value_internal":0.42445251584930566,"distribution":"{\"name\": \"FloatDistribution\", \"attributes\": {\"step\": null, \"low\": 0.1, \"high\": 0.5, \"log\": false}}"}
{"op_code":6,"worker_id":"c2c92061-0a33-4145-9f94-c34a51dc9e5e-140326261499712","trial_id":25,"state":1,"values":[0.8853667282910987],"datetime_complete":"2026-07-11T01:05:32.854621"}
{"op_code":4,"worker_id":"c2c92061-0a33-4145-9f94-c34a51dc9e5e-140326261499712","study_id":0,"datetime_start":"2026-07-11T01:05:32.868081"}
{"op_code":5,"worker_id":"c2c92061-0a33-4145-9f94-c34a51dc9e5e-140326261499712","trial_id":26,"param_name":"learning_rate","param_value_internal":0.0002500174924770684,"distribution":"{\"name\": \"FloatDistribution\", \"attributes\": {\"step\": null, \"low\": 0.0001, \"high\": 0.005, \"log\": true}}"}
{"op_code":5,"worker_id":"c2c92061-0a33-4145-9f94-c34a51dc9e5e-140326261499712","trial_id":26,"param_name":"weight_decay","param_value_internal":0.0002893960297851331,"distribution":"{\"name\": \"FloatDistribution\", \"attributes\": {\"step\": null, \"low\": 1e-06, \"high\": 0.001, \"log\": true}}"}
{"op_code":5,"worker_id":"c2c92061-0a33-4145-9f94-c34a51dc9e5e-140326261499712","trial_id":26,"param_name":"batch_size","param_value_internal":2,"distribution":"{\"name\": \"CategoricalDistribution\", \"attributes\": {\"choices\": [32, 64, 128, 256]}}"}
{"op_code":5,"worker_id":"c2c92061-0a33-4145-9f94-c34a51dc9e5e-140326261499712","trial_id":26,"param_name":"input_dropout","param_value_internal":0.3727239058547554,"distribution":"{\"name\": \"FloatDistribution\", \"attributes\": {\"step\": null, \"low\": 0.1, \"high\": 0.5, \"log\": false}}"}
{"op_code":6,"worker_id":"c2c92061-0a33-4145-9f94-c34a51dc9e5e-140326261499712","trial_id":26,"state":1,"values":[0.8877894388443747],"datetime_complete":"2026-07-11T01:05:57.007677"}
{"op_code":4,"worker_id":"c2c92061-0a33-4145-9f94-c34a51dc9e5e-140326261499712","study_id":0,"datetime_start":"2026-07-11T01:05:57.030460"}
{"op_code":5,"worker_id":"c2c92061-0a33-4145-9f94-c34a51dc9e5e-140326261499712","trial_id":27,"param_name":"learning_rate","param_value_internal":0.0012765695445051406,"distribution":"{\"name\": \"FloatDistribution\", \"attributes\": {\"step\": null, \"low\": 0.0001, \"high\": 0.005, \"log\": true}}"}
{"op_code":5,"worker_id":"c2c92061-0a33-4145-9f94-c34a51dc9e5e-140326261499712","trial_id":27,"param_name":"weight_decay","param_value_internal":9.352824769548164e-05,"distribution":"{\"name\": \"FloatDistribution\", \"attributes\": {\"step\": null, \"low\": 1e-06, \"high\": 0.001, \"log\": true}}"}
{"op_code":5,"worker_id":"c2c92061-0a33-4145-9f94-c34a51dc9e5e-140326261499712","trial_id":27,"param_name":"batch_size","param_value_internal":0,"distribution":"{\"name\": \"CategoricalDistribution\", \"attributes\": {\"choices\": [32, 64, 128, 256]}}"}
{"op_code":5,"worker_id":"c2c92061-0a33-4145-9f94-c34a51dc9e5e-140326261499712","trial_id":27,"param_name":"input_dropout","param_value_internal":0.33581497995747933,"distribution":"{\"name\": \"FloatDistribution\", \"attributes\": {\"step\": null, \"low\": 0.1, \"high\": 0.5, \"log\": false}}"}
{"op_code":6,"worker_id":"c2c92061-0a33-4145-9f94-c34a51dc9e5e-140326261499712","trial_id":27,"state":1,"values":[0.8765168150905885],"datetime_complete":"2026-07-11T01:07:07.165979"}
{"op_code":4,"worker_id":"c2c92061-0a33-4145-9f94-c34a51dc9e5e-140326261499712","study_id":0,"datetime_start":"2026-07-11T01:07:07.184098"}
{"op_code":5,"worker_id":"c2c92061-0a33-4145-9f94-c34a51dc9e5e-140326261499712","trial_id":28,"param_name":"learning_rate","param_value_internal":0.00038897505376675413,"distribution":"{\"name\": \"FloatDistribution\", \"attributes\": {\"step\": null, \"low\": 0.0001, \"high\": 0.005, \"log\": true}}"}
{"op_code":5,"worker_id":"c2c92061-0a33-4145-9f94-c34a51dc9e5e-140326261499712","trial_id":28,"param_name":"weight_decay","param_value_internal":2.169725533741805e-06,"distribution":"{\"name\": \"FloatDistribution\", \"attributes\": {\"step\": null, \"low\": 1e-06, \"high\": 0.001, \"log\": true}}"}
{"op_code":5,"worker_id":"c2c92061-0a33-4145-9f94-c34a51dc9e5e-140326261499712","trial_id":28,"param_name":"batch_size","param_value_internal":3,"distribution":"{\"name\": \"CategoricalDistribution\", \"attributes\": {\"choices\": [32, 64, 128, 256]}}"}
{"op_code":5,"worker_id":"c2c92061-0a33-4145-9f94-c34a51dc9e5e-140326261499712","trial_id":28,"param_name":"input_dropout","param_value_internal":0.27309824447219666,"distribution":"{\"name\": \"FloatDistribution\", \"attributes\": {\"step\": null, \"low\": 0.1, \"high\": 0.5, \"log\": false}}"}
{"op_code":6,"worker_id":"c2c92061-0a33-4145-9f94-c34a51dc9e5e-140326261499712","trial_id":28,"state":1,"values":[0.8913255851727481],"datetime_complete":"2026-07-11T01:07:24.080815"}
{"op_code":4,"worker_id":"c2c92061-0a33-4145-9f94-c34a51dc9e5e-140326261499712","study_id":0,"datetime_start":"2026-07-11T01:07:24.092024"}
{"op_code":5,"worker_id":"c2c92061-0a33-4145-9f94-c34a51dc9e5e-140326261499712","trial_id":29,"param_name":"learning_rate","param_value_internal":0.00044751678806365027,"distribution":"{\"name\": \"FloatDistribution\", \"attributes\": {\"step\": null, \"low\": 0.0001, \"high\": 0.005, \"log\": true}}"}
{"op_code":5,"worker_id":"c2c92061-0a33-4145-9f94-c34a51dc9e5e-140326261499712","trial_id":29,"param_name":"weight_decay","param_value_internal":3.1942657604145224e-05,"distribution":"{\"name\": \"FloatDistribution\", \"attributes\": {\"step\": null, \"low\": 1e-06, \"high\": 0.001, \"log\": true}}"}
{"op_code":5,"worker_id":"c2c92061-0a33-4145-9f94-c34a51dc9e5e-140326261499712","trial_id":29,"param_name":"batch_size","param_value_internal":0,"distribution":"{\"name\": \"CategoricalDistribution\", \"attributes\": {\"choices\": [32, 64, 128, 256]}}"}
{"op_code":5,"worker_id":"c2c92061-0a33-4145-9f94-c34a51dc9e5e-140326261499712","trial_id":29,"param_name":"input_dropout","param_value_internal":0.13606962117897112,"distribution":"{\"name\": \"FloatDistribution\", \"attributes\": {\"step\": null, \"low\": 0.1, \"high\": 0.5, \"log\": false}}"}
{"op_code":6,"worker_id":"c2c92061-0a33-4145-9f94-c34a51dc9e5e-140326261499712","trial_id":29,"state":1,"values":[0.8744612068951165],"datetime_complete":"2026-07-11T01:08:33.603883"}
{"op_code":4,"worker_id":"c2c92061-0a33-4145-9f94-c34a51dc9e5e-140326261499712","study_id":0,"datetime_start":"2026-07-11T01:08:33.623728"}
{"op_code":5,"worker_id":"c2c92061-0a33-4145-9f94-c34a51dc9e5e-140326261499712","trial_id":30,"param_name":"learning_rate","param_value_internal":0.0001440757813080899,"distribution":"{\"name\": \"FloatDistribution\", \"attributes\": {\"step\": null, \"low\": 0.0001, \"high\": 0.005, \"log\": true}}"}
{"op_code":5,"worker_id":"c2c92061-0a33-4145-9f94-c34a51dc9e5e-140326261499712","trial_id":30,"param_name":"weight_decay","param_value_internal":6.3329095725499365e-06,"distribution":"{\"name\": \"FloatDistribution\", \"attributes\": {\"step\": null, \"low\": 1e-06, \"high\": 0.001, \"log\": true}}"}
{"op_code":5,"worker_id":"c2c92061-0a33-4145-9f94-c34a51dc9e5e-140326261499712","trial_id":30,"param_name":"batch_size","param_value_internal":2,"distribution":"{\"name\": \"CategoricalDistribution\", \"attributes\": {\"choices\": [32, 64, 128, 256]}}"}
{"op_code":5,"worker_id":"c2c92061-0a33-4145-9f94-c34a51dc9e5e-140326261499712","trial_id":30,"param_name":"input_dropout","param_value_internal":0.46121550661036337,"distribution":"{\"name\": \"FloatDistribution\", \"attributes\": {\"step\": null, \"low\": 0.1, \"high\": 0.5, \"log\": false}}"}
{"op_code":6,"worker_id":"c2c92061-0a33-4145-9f94-c34a51dc9e5e-140326261499712","trial_id":30,"state":1,"values":[0.8846610580667353],"datetime_complete":"2026-07-11T01:08:57.953472"}
{"op_code":4,"worker_id":"c2c92061-0a33-4145-9f94-c34a51dc9e5e-140326261499712","study_id":0,"datetime_start":"2026-07-11T01:08:57.963657"}
{"op_code":5,"worker_id":"c2c92061-0a33-4145-9f94-c34a51dc9e5e-140326261499712","trial_id":31,"param_name":"learning_rate","param_value_internal":0.0003445438870909803,"distribution":"{\"name\": \"FloatDistribution\", \"attributes\": {\"step\": null, \"low\": 0.0001, \"high\": 0.005, \"log\": true}}"}
{"op_code":5,"worker_id":"c2c92061-0a33-4145-9f94-c34a51dc9e5e-140326261499712","trial_id":31,"param_name":"weight_decay","param_value_internal":1.1584666432949747e-05,"distribution":"{\"name\": \"FloatDistribution\", \"attributes\": {\"step\": null, \"low\": 1e-06, \"high\": 0.001, \"log\": true}}"}
{"op_code":5,"worker_id":"c2c92061-0a33-4145-9f94-c34a51dc9e5e-140326261499712","trial_id":31,"param_name":"batch_size","param_value_internal":2,"distribution":"{\"name\": \"CategoricalDistribution\", \"attributes\": {\"choices\": [32, 64, 128, 256]}}"}
{"op_code":5,"worker_id":"c2c92061-0a33-4145-9f94-c34a51dc9e5e-140326261499712","trial_id":31,"param_name":"input_dropout","param_value_internal":0.4118588929842514,"distribution":"{\"name\": \"FloatDistribution\", \"attributes\": {\"step\": null, \"low\": 0.1, \"high\": 0.5, \"log\": false}}"}
{"op_code":6,"worker_id":"c2c92061-0a33-4145-9f94-c34a51dc9e5e-140326261499712","trial_id":31,"state":1,"values":[0.8865285490501361],"datetime_complete":"2026-07-11T01:09:22.212957"}
{"op_code":4,"worker_id":"c2c92061-0a33-4145-9f94-c34a51dc9e5e-140326261499712","study_id":0,"datetime_start":"2026-07-11T01:09:22.223530"}
{"op_code":5,"worker_id":"c2c92061-0a33-4145-9f94-c34a51dc9e5e-140326261499712","trial_id":32,"param_name":"learning_rate","param_value_internal":0.00047625143314962106,"distribution":"{\"name\": \"FloatDistribution\", \"attributes\": {\"step\": null, \"low\": 0.0001, \"high\": 0.005, \"log\": true}}"}
{"op_code":5,"worker_id":"c2c92061-0a33-4145-9f94-c34a51dc9e5e-140326261499712","trial_id":32,"param_name":"weight_decay","param_value_internal":2.372908159867763e-05,"distribution":"{\"name\": \"FloatDistribution\", \"attributes\": {\"step\": null, \"low\": 1e-06, \"high\": 0.001, \"log\": true}}"}
{"op_code":5,"worker_id":"c2c92061-0a33-4145-9f94-c34a51dc9e5e-140326261499712","trial_id":32,"param_name":"batch_size","param_value_internal":2,"distribution":"{\"name\": \"CategoricalDistribution\", \"attributes\": {\"choices\": [32, 64, 128, 256]}}"}
{"op_code":5,"worker_id":"c2c92061-0a33-4145-9f94-c34a51dc9e5e-140326261499712","trial_id":32,"param_name":"input_dropout","param_value_internal":0.38958694503894437,"distribution":"{\"name\": \"FloatDistribution\", \"attributes\": {\"step\": null, \"low\": 0.1, \"high\": 0.5, \"log\": false}}"}
{"op_code":6,"worker_id":"c2c92061-0a33-4145-9f94-c34a51dc9e5e-140326261499712","trial_id":32,"state":1,"values":[0.8907876063371559],"datetime_complete":"2026-07-11T01:09:46.511370"}
{"op_code":4,"worker_id":"c2c92061-0a33-4145-9f94-c34a51dc9e5e-140326261499712","study_id":0,"datetime_start":"2026-07-11T01:09:46.526825"}
{"op_code":5,"worker_id":"c2c92061-0a33-4145-9f94-c34a51dc9e5e-140326261499712","trial_id":33,"param_name":"learning_rate","param_value_internal":0.00023221218600201718,"distribution":"{\"name\": \"FloatDistribution\", \"attributes\": {\"step\": null, \"low\": 0.0001, \"high\": 0.005, \"log\": true}}"}
{"op_code":5,"worker_id":"c2c92061-0a33-4145-9f94-c34a51dc9e5e-140326261499712","trial_id":33,"param_name":"weight_decay","param_value_internal":4.945283659355495e-05,"distribution":"{\"name\": \"FloatDistribution\", \"attributes\": {\"step\": null, \"low\": 1e-06, \"high\": 0.001, \"log\": true}}"}
{"op_code":5,"worker_id":"c2c92061-0a33-4145-9f94-c34a51dc9e5e-140326261499712","trial_id":33,"param_name":"batch_size","param_value_internal":2,"distribution":"{\"name\": \"CategoricalDistribution\", \"attributes\": {\"choices\": [32, 64, 128, 256]}}"}
{"op_code":5,"worker_id":"c2c92061-0a33-4145-9f94-c34a51dc9e5e-140326261499712","trial_id":33,"param_name":"input_dropout","param_value_internal":0.428250096254168,"distribution":"{\"name\": \"FloatDistribution\", \"attributes\": {\"step\": null, \"low\": 0.1, \"high\": 0.5, \"log\": false}}"}
{"op_code":6,"worker_id":"c2c92061-0a33-4145-9f94-c34a51dc9e5e-140326261499712","trial_id":33,"state":1,"values":[0.8875476952227559],"datetime_complete":"2026-07-11T01:10:09.637087"}
{"op_code":4,"worker_id":"c2c92061-0a33-4145-9f94-c34a51dc9e5e-140326261499712","study_id":0,"datetime_start":"2026-07-11T01:10:09.655930"}
{"op_code":5,"worker_id":"c2c92061-0a33-4145-9f94-c34a51dc9e5e-140326261499712","trial_id":34,"param_name":"learning_rate","param_value_internal":0.0003240039880782428,"distribution":"{\"name\": \"FloatDistribution\", \"attributes\": {\"step\": null, \"low\": 0.0001, \"high\": 0.005, \"log\": true}}"}
{"op_code":5,"worker_id":"c2c92061-0a33-4145-9f94-c34a51dc9e5e-140326261499712","trial_id":34,"param_name":"weight_decay","param_value_internal":5.1723225829682e-06,"distribution":"{\"name\": \"FloatDistribution\", \"attributes\": {\"step\": null, \"low\": 1e-06, \"high\": 0.001, \"log\": true}}"}
{"op_code":5,"worker_id":"c2c92061-0a33-4145-9f94-c34a51dc9e5e-140326261499712","trial_id":34,"param_name":"batch_size","param_value_internal":2,"distribution":"{\"name\": \"CategoricalDistribution\", \"attributes\": {\"choices\": [32, 64, 128, 256]}}"}
{"op_code":5,"worker_id":"c2c92061-0a33-4145-9f94-c34a51dc9e5e-140326261499712","trial_id":34,"param_name":"input_dropout","param_value_internal":0.3441970354772773,"distribution":"{\"name\": \"FloatDistribution\", \"attributes\": {\"step\": null, \"low\": 0.1, \"high\": 0.5, \"log\": false}}"}
{"op_code":6,"worker_id":"c2c92061-0a33-4145-9f94-c34a51dc9e5e-140326261499712","trial_id":34,"state":1,"values":[0.8875758408771869],"datetime_complete":"2026-07-11T01:10:32.609311"}
{"op_code":4,"worker_id":"c2c92061-0a33-4145-9f94-c34a51dc9e5e-140326261499712","study_id":0,"datetime_start":"2026-07-11T01:10:32.622329"}
{"op_code":5,"worker_id":"c2c92061-0a33-4145-9f94-c34a51dc9e5e-140326261499712","trial_id":35,"param_name":"learning_rate","param_value_internal":0.00018945738076291404,"distribution":"{\"name\": \"FloatDistribution\", \"attributes\": {\"step\": null, \"low\": 0.0001, \"high\": 0.005, \"log\": true}}"}
{"op_code":5,"worker_id":"c2c92061-0a33-4145-9f94-c34a51dc9e5e-140326261499712","trial_id":35,"param_name":"weight_decay","param_value_internal":2.108647369841312e-05,"distribution":"{\"name\": \"FloatDistribution\", \"attributes\": {\"step\": null, \"low\": 1e-06, \"high\": 0.001, \"log\": true}}"}
{"op_code":5,"worker_id":"c2c92061-0a33-4145-9f94-c34a51dc9e5e-140326261499712","trial_id":35,"param_name":"batch_size","param_value_internal":2,"distribution":"{\"name\": \"CategoricalDistribution\", \"attributes\": {\"choices\": [32, 64, 128, 256]}}"}
{"op_code":5,"worker_id":"c2c92061-0a33-4145-9f94-c34a51dc9e5e-140326261499712","trial_id":35,"param_name":"input_dropout","param_value_internal":0.47466486982647316,"distribution":"{\"name\": \"FloatDistribution\", \"attributes\": {\"step\": null, \"low\": 0.1, \"high\": 0.5, \"log\": false}}"}
{"op_code":6,"worker_id":"c2c92061-0a33-4145-9f94-c34a51dc9e5e-140326261499712","trial_id":35,"state":1,"values":[0.8855071948320855],"datetime_complete":"2026-07-11T01:10:55.753106"}
{"op_code":4,"worker_id":"c2c92061-0a33-4145-9f94-c34a51dc9e5e-140326261499712","study_id":0,"datetime_start":"2026-07-11T01:10:55.775466"}
{"op_code":5,"worker_id":"c2c92061-0a33-4145-9f94-c34a51dc9e5e-140326261499712","trial_id":36,"param_name":"learning_rate","param_value_internal":0.0006261142522035146,"distribution":"{\"name\": \"FloatDistribution\", \"attributes\": {\"step\": null, \"low\": 0.0001, \"high\": 0.005, \"log\": true}}"}
{"op_code":5,"worker_id":"c2c92061-0a33-4145-9f94-c34a51dc9e5e-140326261499712","trial_id":36,"param_name":"weight_decay","param_value_internal":2.3119789367591045e-06,"distribution":"{\"name\": \"FloatDistribution\", \"attributes\": {\"step\": null, \"low\": 1e-06, \"high\": 0.001, \"log\": true}}"}
{"op_code":5,"worker_id":"c2c92061-0a33-4145-9f94-c34a51dc9e5e-140326261499712","trial_id":36,"param_name":"batch_size","param_value_internal":1,"distribution":"{\"name\": \"CategoricalDistribution\", \"attributes\": {\"choices\": [32, 64, 128, 256]}}"}
{"op_code":5,"worker_id":"c2c92061-0a33-4145-9f94-c34a51dc9e5e-140326261499712","trial_id":36,"param_name":"input_dropout","param_value_internal":0.4984405187722871,"distribution":"{\"name\": \"FloatDistribution\", \"attributes\": {\"step\": null, \"low\": 0.1, \"high\": 0.5, \"log\": false}}"}
{"op_code":6,"worker_id":"c2c92061-0a33-4145-9f94-c34a51dc9e5e-140326261499712","trial_id":36,"state":1,"values":[0.8792985537499445],"datetime_complete":"2026-07-11T01:11:33.804156"}
{"op_code":4,"worker_id":"c2c92061-0a33-4145-9f94-c34a51dc9e5e-140326261499712","study_id":0,"datetime_start":"2026-07-11T01:11:33.818624"}
{"op_code":5,"worker_id":"c2c92061-0a33-4145-9f94-c34a51dc9e5e-140326261499712","trial_id":37,"param_name":"learning_rate","param_value_internal":0.0004369291393024808,"distribution":"{\"name\": \"FloatDistribution\", \"attributes\": {\"step\": null, \"low\": 0.0001, \"high\": 0.005, \"log\": true}}"}
{"op_code":5,"worker_id":"c2c92061-0a33-4145-9f94-c34a51dc9e5e-140326261499712","trial_id":37,"param_name":"weight_decay","param_value_internal":1.1022106683409845e-05,"distribution":"{\"name\": \"FloatDistribution\", \"attributes\": {\"step\": null, \"low\": 1e-06, \"high\": 0.001, \"log\": true}}"}
{"op_code":5,"worker_id":"c2c92061-0a33-4145-9f94-c34a51dc9e5e-140326261499712","trial_id":37,"param_name":"batch_size","param_value_internal":2,"distribution":"{\"name\": \"CategoricalDistribution\", \"attributes\": {\"choices\": [32, 64, 128, 256]}}"}
{"op_code":5,"worker_id":"c2c92061-0a33-4145-9f94-c34a51dc9e5e-140326261499712","trial_id":37,"param_name":"input_dropout","param_value_internal":0.3803622805945695,"distribution":"{\"name\": \"FloatDistribution\", \"attributes\": {\"step\": null, \"low\": 0.1, \"high\": 0.5, \"log\": false}}"}
{"op_code":6,"worker_id":"c2c92061-0a33-4145-9f94-c34a51dc9e5e-140326261499712","trial_id":37,"state":1,"values":[0.8822032317126324],"datetime_complete":"2026-07-11T01:11:56.809421"}
{"op_code":4,"worker_id":"c2c92061-0a33-4145-9f94-c34a51dc9e5e-140326261499712","study_id":0,"datetime_start":"2026-07-11T01:11:56.820271"}
{"op_code":5,"worker_id":"c2c92061-0a33-4145-9f94-c34a51dc9e5e-140326261499712","trial_id":38,"param_name":"learning_rate","param_value_internal":0.00029999712861650106,"distribution":"{\"name\": \"FloatDistribution\", \"attributes\": {\"step\": null, \"low\": 0.0001, \"high\": 0.005, \"log\": true}}"}
{"op_code":5,"worker_id":"c2c92061-0a33-4145-9f94-c34a51dc9e5e-140326261499712","trial_id":38,"param_name":"weight_decay","param_value_internal":4.345463957942407e-05,"distribution":"{\"name\": \"FloatDistribution\", \"attributes\": {\"step\": null, \"low\": 1e-06, \"high\": 0.001, \"log\": true}}"}
{"op_code":5,"worker_id":"c2c92061-0a33-4145-9f94-c34a51dc9e5e-140326261499712","trial_id":38,"param_name":"batch_size","param_value_internal":3,"distribution":"{\"name\": \"CategoricalDistribution\", \"attributes\": {\"choices\": [32, 64, 128, 256]}}"}
{"op_code":5,"worker_id":"c2c92061-0a33-4145-9f94-c34a51dc9e5e-140326261499712","trial_id":38,"param_name":"input_dropout","param_value_internal":0.41354313155797234,"distribution":"{\"name\": \"FloatDistribution\", \"attributes\": {\"step\": null, \"low\": 0.1, \"high\": 0.5, \"log\": false}}"}
{"op_code":6,"worker_id":"c2c92061-0a33-4145-9f94-c34a51dc9e5e-140326261499712","trial_id":38,"state":1,"values":[0.8842179869866723],"datetime_complete":"2026-07-11T01:12:13.173626"}
{"op_code":4,"worker_id":"c2c92061-0a33-4145-9f94-c34a51dc9e5e-140326261499712","study_id":0,"datetime_start":"2026-07-11T01:12:13.186027"}
{"op_code":5,"worker_id":"c2c92061-0a33-4145-9f94-c34a51dc9e5e-140326261499712","trial_id":39,"param_name":"learning_rate","param_value_internal":0.00016770651661069755,"distribution":"{\"name\": \"FloatDistribution\", \"attributes\": {\"step\": null, \"low\": 0.0001, \"high\": 0.005, \"log\": true}}"}
{"op_code":5,"worker_id":"c2c92061-0a33-4145-9f94-c34a51dc9e5e-140326261499712","trial_id":39,"param_name":"weight_decay","param_value_internal":2.1671243563890022e-06,"distribution":"{\"name\": \"FloatDistribution\", \"attributes\": {\"step\": null, \"low\": 1e-06, \"high\": 0.001, \"log\": true}}"}
{"op_code":5,"worker_id":"c2c92061-0a33-4145-9f94-c34a51dc9e5e-140326261499712","trial_id":39,"param_name":"batch_size","param_value_internal":1,"distribution":"{\"name\": \"CategoricalDistribution\", \"attributes\": {\"choices\": [32, 64, 128, 256]}}"}
{"op_code":5,"worker_id":"c2c92061-0a33-4145-9f94-c34a51dc9e5e-140326261499712","trial_id":39,"param_name":"input_dropout","param_value_internal":0.46179658112268873,"distribution":"{\"name\": \"FloatDistribution\", \"attributes\": {\"step\": null, \"low\": 0.1, \"high\": 0.5, \"log\": false}}"}
{"op_code":6,"worker_id":"c2c92061-0a33-4145-9f94-c34a51dc9e5e-140326261499712","trial_id":39,"state":1,"values":[0.888297685649016],"datetime_complete":"2026-07-11T01:12:51.299344"}
{"op_code":4,"worker_id":"c2c92061-0a33-4145-9f94-c34a51dc9e5e-140326261499712","study_id":0,"datetime_start":"2026-07-11T01:12:51.317768"}
{"op_code":5,"worker_id":"c2c92061-0a33-4145-9f94-c34a51dc9e5e-140326261499712","trial_id":40,"param_name":"learning_rate","param_value_internal":0.00010962965221212306,"distribution":"{\"name\": \"FloatDistribution\", \"attributes\": {\"step\": null, \"low\": 0.0001, \"high\": 0.005, \"log\": true}}"}
{"op_code":5,"worker_id":"c2c92061-0a33-4145-9f94-c34a51dc9e5e-140326261499712","trial_id":40,"param_name":"weight_decay","param_value_internal":0.0004365949461365151,"distribution":"{\"name\": \"FloatDistribution\", \"attributes\": {\"step\": null, \"low\": 1e-06, \"high\": 0.001, \"log\": true}}"}
{"op_code":5,"worker_id":"c2c92061-0a33-4145-9f94-c34a51dc9e5e-140326261499712","trial_id":40,"param_name":"batch_size","param_value_internal":2,"distribution":"{\"name\": \"CategoricalDistribution\", \"attributes\": {\"choices\": [32, 64, 128, 256]}}"}
{"op_code":5,"worker_id":"c2c92061-0a33-4145-9f94-c34a51dc9e5e-140326261499712","trial_id":40,"param_name":"input_dropout","param_value_internal":0.32994659848462093,"distribution":"{\"name\": \"FloatDistribution\", \"attributes\": {\"step\": null, \"low\": 0.1, \"high\": 0.5, \"log\": false}}"}
{"op_code":6,"worker_id":"c2c92061-0a33-4145-9f94-c34a51dc9e5e-140326261499712","trial_id":40,"state":1,"values":[0.8776554801299314],"datetime_complete":"2026-07-11T01:13:14.118613"}
{"op_code":4,"worker_id":"c2c92061-0a33-4145-9f94-c34a51dc9e5e-140326261499712","study_id":0,"datetime_start":"2026-07-11T01:13:14.135561"}
{"op_code":5,"worker_id":"c2c92061-0a33-4145-9f94-c34a51dc9e5e-140326261499712","trial_id":41,"param_name":"learning_rate","param_value_internal":0.0005423887579907923,"distribution":"{\"name\": \"FloatDistribution\", \"attributes\": {\"step\": null, \"low\": 0.0001, \"high\": 0.005, \"log\": true}}"}
{"op_code":5,"worker_id":"c2c92061-0a33-4145-9f94-c34a51dc9e5e-140326261499712","trial_id":41,"param_name":"weight_decay","param_value_internal":1.2691708696050532e-05,"distribution":"{\"name\": \"FloatDistribution\", \"attributes\": {\"step\": null, \"low\": 1e-06, \"high\": 0.001, \"log\": true}}"}
{"op_code":5,"worker_id":"c2c92061-0a33-4145-9f94-c34a51dc9e5e-140326261499712","trial_id":41,"param_name":"batch_size","param_value_internal":2,"distribution":"{\"name\": \"CategoricalDistribution\", \"attributes\": {\"choices\": [32, 64, 128, 256]}}"}
{"op_code":5,"worker_id":"c2c92061-0a33-4145-9f94-c34a51dc9e5e-140326261499712","trial_id":41,"param_name":"input_dropout","param_value_internal":0.48113581671747946,"distribution":"{\"name\": \"FloatDistribution\", \"attributes\": {\"step\": null, \"low\": 0.1, \"high\": 0.5, \"log\": false}}"}
{"op_code":6,"worker_id":"c2c92061-0a33-4145-9f94-c34a51dc9e5e-140326261499712","trial_id":41,"state":1,"values":[0.8942060477605647],"datetime_complete":"2026-07-11T01:13:37.204925"}
{"op_code":4,"worker_id":"c2c92061-0a33-4145-9f94-c34a51dc9e5e-140326261499712","study_id":0,"datetime_start":"2026-07-11T01:13:37.216798"}
{"op_code":5,"worker_id":"c2c92061-0a33-4145-9f94-c34a51dc9e5e-140326261499712","trial_id":42,"param_name":"learning_rate","param_value_internal":0.0004420031817760928,"distribution":"{\"name\": \"FloatDistribution\", \"attributes\": {\"step\": null, \"low\": 0.0001, \"high\": 0.005, \"log\": true}}"}
{"op_code":5,"worker_id":"c2c92061-0a33-4145-9f94-c34a51dc9e5e-140326261499712","trial_id":42,"param_name":"weight_decay","param_value_internal":5.662421972593851e-06,"distribution":"{\"name\": \"FloatDistribution\", \"attributes\": {\"step\": null, \"low\": 1e-06, \"high\": 0.001, \"log\": true}}"}
{"op_code":5,"worker_id":"c2c92061-0a33-4145-9f94-c34a51dc9e5e-140326261499712","trial_id":42,"param_name":"batch_size","param_value_internal":2,"distribution":"{\"name\": \"CategoricalDistribution\", \"attributes\": {\"choices\": [32, 64, 128, 256]}}"}
{"op_code":5,"worker_id":"c2c92061-0a33-4145-9f94-c34a51dc9e5e-140326261499712","trial_id":42,"param_name":"input_dropout","param_value_internal":0.4352621940861503,"distribution":"{\"name\": \"FloatDistribution\", \"attributes\": {\"step\": null, \"low\": 0.1, \"high\": 0.5, \"log\": false}}"}
{"op_code":6,"worker_id":"c2c92061-0a33-4145-9f94-c34a51dc9e5e-140326261499712","trial_id":42,"state":1,"values":[0.8951128271815875],"datetime_complete":"2026-07-11T01:14:00.276171"}
{"op_code":4,"worker_id":"c2c92061-0a33-4145-9f94-c34a51dc9e5e-140326261499712","study_id":0,"datetime_start":"2026-07-11T01:14:00.287783"}
{"op_code":5,"worker_id":"c2c92061-0a33-4145-9f94-c34a51dc9e5e-140326261499712","trial_id":43,"param_name":"learning_rate","param_value_internal":0.00038444646958644133,"distribution":"{\"name\": \"FloatDistribution\", \"attributes\": {\"step\": null, \"low\": 0.0001, \"high\": 0.005, \"log\": true}}"}
{"op_code":5,"worker_id":"c2c92061-0a33-4145-9f94-c34a51dc9e5e-140326261499712","trial_id":43,"param_name":"weight_decay","param_value_internal":5.106782186830221e-06,"distribution":"{\"name\": \"FloatDistribution\", \"attributes\": {\"step\": null, \"low\": 1e-06, \"high\": 0.001, \"log\": true}}"}
{"op_code":5,"worker_id":"c2c92061-0a33-4145-9f94-c34a51dc9e5e-140326261499712","trial_id":43,"param_name":"batch_size","param_value_internal":2,"distribution":"{\"name\": \"CategoricalDistribution\", \"attributes\": {\"choices\": [32, 64, 128, 256]}}"}
{"op_code":5,"worker_id":"c2c92061-0a33-4145-9f94-c34a51dc9e5e-140326261499712","trial_id":43,"param_name":"input_dropout","param_value_internal":0.44043745806555845,"distribution":"{\"name\": \"FloatDistribution\", \"attributes\": {\"step\": null, \"low\": 0.1, \"high\": 0.5, \"log\": false}}"}
{"op_code":6,"worker_id":"c2c92061-0a33-4145-9f94-c34a51dc9e5e-140326261499712","trial_id":43,"state":1,"values":[0.8760141453815672],"datetime_complete":"2026-07-11T01:14:23.359494"}
{"op_code":4,"worker_id":"c2c92061-0a33-4145-9f94-c34a51dc9e5e-140326261499712","study_id":0,"datetime_start":"2026-07-11T01:14:23.372344"}
{"op_code":5,"worker_id":"c2c92061-0a33-4145-9f94-c34a51dc9e5e-140326261499712","trial_id":44,"param_name":"learning_rate","param_value_internal":0.0008252562404804574,"distribution":"{\"name\": \"FloatDistribution\", \"attributes\": {\"step\": null, \"low\": 0.0001, \"high\": 0.005, \"log\": true}}"}
{"op_code":5,"worker_id":"c2c92061-0a33-4145-9f94-c34a51dc9e5e-140326261499712","trial_id":44,"param_name":"weight_decay","param_value_internal":8.28257837050105e-06,"distribution":"{\"name\": \"FloatDistribution\", \"attributes\": {\"step\": null, \"low\": 1e-06, \"high\": 0.001, \"log\": true}}"}
{"op_code":5,"worker_id":"c2c92061-0a33-4145-9f94-c34a51dc9e5e-140326261499712","trial_id":44,"param_name":"batch_size","param_value_internal":2,"distribution":"{\"name\": \"CategoricalDistribution\", \"attributes\": {\"choices\": [32, 64, 128, 256]}}"}
{"op_code":5,"worker_id":"c2c92061-0a33-4145-9f94-c34a51dc9e5e-140326261499712","trial_id":44,"param_name":"input_dropout","param_value_internal":0.42200690516491707,"distribution":"{\"name\": \"FloatDistribution\", \"attributes\": {\"step\": null, \"low\": 0.1, \"high\": 0.5, \"log\": false}}"}
{"op_code":6,"worker_id":"c2c92061-0a33-4145-9f94-c34a51dc9e5e-140326261499712","trial_id":44,"state":1,"values":[0.8801358215273056],"datetime_complete":"2026-07-11T01:14:46.436505"}
{"op_code":4,"worker_id":"c2c92061-0a33-4145-9f94-c34a51dc9e5e-140326261499712","study_id":0,"datetime_start":"2026-07-11T01:14:46.447144"}
{"op_code":5,"worker_id":"c2c92061-0a33-4145-9f94-c34a51dc9e5e-140326261499712","trial_id":45,"param_name":"learning_rate","param_value_internal":0.00022139742719556275,"distribution":"{\"name\": \"FloatDistribution\", \"attributes\": {\"step\": null, \"low\": 0.0001, \"high\": 0.005, \"log\": true}}"}
{"op_code":5,"worker_id":"c2c92061-0a33-4145-9f94-c34a51dc9e5e-140326261499712","trial_id":45,"param_name":"weight_decay","param_value_internal":5.631375413093277e-06,"distribution":"{\"name\": \"FloatDistribution\", \"attributes\": {\"step\": null, \"low\": 1e-06, \"high\": 0.001, \"log\": true}}"}
{"op_code":5,"worker_id":"c2c92061-0a33-4145-9f94-c34a51dc9e5e-140326261499712","trial_id":45,"param_name":"batch_size","param_value_internal":2,"distribution":"{\"name\": \"CategoricalDistribution\", \"attributes\": {\"choices\": [32, 64, 128, 256]}}"}
{"op_code":5,"worker_id":"c2c92061-0a33-4145-9f94-c34a51dc9e5e-140326261499712","trial_id":45,"param_name":"input_dropout","param_value_internal":0.35576830526953357,"distribution":"{\"name\": \"FloatDistribution\", \"attributes\": {\"step\": null, \"low\": 0.1, \"high\": 0.5, \"log\": false}}"}
{"op_code":6,"worker_id":"c2c92061-0a33-4145-9f94-c34a51dc9e5e-140326261499712","trial_id":45,"state":1,"values":[0.8883370667511942],"datetime_complete":"2026-07-11T01:15:09.281234"}
{"op_code":4,"worker_id":"c2c92061-0a33-4145-9f94-c34a51dc9e5e-140326261499712","study_id":0,"datetime_start":"2026-07-11T01:15:09.296570"}
{"op_code":5,"worker_id":"c2c92061-0a33-4145-9f94-c34a51dc9e5e-140326261499712","trial_id":46,"param_name":"learning_rate","param_value_internal":0.00041140839320898473,"distribution":"{\"name\": \"FloatDistribution\", \"attributes\": {\"step\": null, \"low\": 0.0001, \"high\": 0.005, \"log\": true}}"}
{"op_code":5,"worker_id":"c2c92061-0a33-4145-9f94-c34a51dc9e5e-140326261499712","trial_id":46,"param_name":"weight_decay","param_value_internal":2.632761573164656e-06,"distribution":"{\"name\": \"FloatDistribution\", \"attributes\": {\"step\": null, \"low\": 1e-06, \"high\": 0.001, \"log\": true}}"}
{"op_code":5,"worker_id":"c2c92061-0a33-4145-9f94-c34a51dc9e5e-140326261499712","trial_id":46,"param_name":"batch_size","param_value_internal":1,"distribution":"{\"name\": \"CategoricalDistribution\", \"attributes\": {\"choices\": [32, 64, 128, 256]}}"}
{"op_code":5,"worker_id":"c2c92061-0a33-4145-9f94-c34a51dc9e5e-140326261499712","trial_id":46,"param_name":"input_dropout","param_value_internal":0.3961180450341815,"distribution":"{\"name\": \"FloatDistribution\", \"attributes\": {\"step\": null, \"low\": 0.1, \"high\": 0.5, \"log\": false}}"}
{"op_code":6,"worker_id":"c2c92061-0a33-4145-9f94-c34a51dc9e5e-140326261499712","trial_id":46,"state":1,"values":[0.8820719116294309],"datetime_complete":"2026-07-11T01:15:47.340176"}
{"op_code":4,"worker_id":"c2c92061-0a33-4145-9f94-c34a51dc9e5e-140326261499712","study_id":0,"datetime_start":"2026-07-11T01:15:47.355880"}
{"op_code":5,"worker_id":"c2c92061-0a33-4145-9f94-c34a51dc9e5e-140326261499712","trial_id":47,"param_name":"learning_rate","param_value_internal":0.0009886066367561814,"distribution":"{\"name\": \"FloatDistribution\", \"attributes\": {\"step\": null, \"low\": 0.0001, \"high\": 0.005, \"log\": true}}"}
{"op_code":5,"worker_id":"c2c92061-0a33-4145-9f94-c34a51dc9e5e-140326261499712","trial_id":47,"param_name":"weight_decay","param_value_internal":0.0009395783289321945,"distribution":"{\"name\": \"FloatDistribution\", \"attributes\": {\"step\": null, \"low\": 1e-06, \"high\": 0.001, \"log\": true}}"}
{"op_code":5,"worker_id":"c2c92061-0a33-4145-9f94-c34a51dc9e5e-140326261499712","trial_id":47,"param_name":"batch_size","param_value_internal":2,"distribution":"{\"name\": \"CategoricalDistribution\", \"attributes\": {\"choices\": [32, 64, 128, 256]}}"}
{"op_code":5,"worker_id":"c2c92061-0a33-4145-9f94-c34a51dc9e5e-140326261499712","trial_id":47,"param_name":"input_dropout","param_value_internal":0.44723947721226004,"distribution":"{\"name\": \"FloatDistribution\", \"attributes\": {\"step\": null, \"low\": 0.1, \"high\": 0.5, \"log\": false}}"}
{"op_code":6,"worker_id":"c2c92061-0a33-4145-9f94-c34a51dc9e5e-140326261499712","trial_id":47,"state":1,"values":[0.8835944600344853],"datetime_complete":"2026-07-11T01:16:10.490219"}
{"op_code":4,"worker_id":"c2c92061-0a33-4145-9f94-c34a51dc9e5e-140326261499712","study_id":0,"datetime_start":"2026-07-11T01:16:10.500465"}
{"op_code":5,"worker_id":"c2c92061-0a33-4145-9f94-c34a51dc9e5e-140326261499712","trial_id":48,"param_name":"learning_rate","param_value_internal":0.00028616882417457174,"distribution":"{\"name\": \"FloatDistribution\", \"attributes\": {\"step\": null, \"low\": 0.0001, \"high\": 0.005, \"log\": true}}"}
{"op_code":5,"worker_id":"c2c92061-0a33-4145-9f94-c34a51dc9e5e-140326261499712","trial_id":48,"param_name":"weight_decay","param_value_internal":6.348499040623075e-05,"distribution":"{\"name\": \"FloatDistribution\", \"attributes\": {\"step\": null, \"low\": 1e-06, \"high\": 0.001, \"log\": true}}"}
{"op_code":5,"worker_id":"c2c92061-0a33-4145-9f94-c34a51dc9e5e-140326261499712","trial_id":48,"param_name":"batch_size","param_value_internal":0,"distribution":"{\"name\": \"CategoricalDistribution\", \"attributes\": {\"choices\": [32, 64, 128, 256]}}"}
{"op_code":5,"worker_id":"c2c92061-0a33-4145-9f94-c34a51dc9e5e-140326261499712","trial_id":48,"param_name":"input_dropout","param_value_internal":0.31089352675425996,"distribution":"{\"name\": \"FloatDistribution\", \"attributes\": {\"step\": null, \"low\": 0.1, \"high\": 0.5, \"log\": false}}"}
{"op_code":6,"worker_id":"c2c92061-0a33-4145-9f94-c34a51dc9e5e-140326261499712","trial_id":48,"state":1,"values":[0.877627339786059],"datetime_complete":"2026-07-11T01:17:16.075677"}
{"op_code":4,"worker_id":"c2c92061-0a33-4145-9f94-c34a51dc9e5e-140326261499712","study_id":0,"datetime_start":"2026-07-11T01:17:16.094831"}
{"op_code":5,"worker_id":"c2c92061-0a33-4145-9f94-c34a51dc9e5e-140326261499712","trial_id":49,"param_name":"learning_rate","param_value_internal":0.0006221871466594316,"distribution":"{\"name\": \"FloatDistribution\", \"attributes\": {\"step\": null, \"low\": 0.0001, \"high\": 0.005, \"log\": true}}"}
{"op_code":5,"worker_id":"c2c92061-0a33-4145-9f94-c34a51dc9e5e-140326261499712","trial_id":49,"param_name":"weight_decay","param_value_internal":0.00012603565169184717,"distribution":"{\"name\": \"FloatDistribution\", \"attributes\": {\"step\": null, \"low\": 1e-06, \"high\": 0.001, \"log\": true}}"}
{"op_code":5,"worker_id":"c2c92061-0a33-4145-9f94-c34a51dc9e5e-140326261499712","trial_id":49,"param_name":"batch_size","param_value_internal":3,"distribution":"{\"name\": \"CategoricalDistribution\", \"attributes\": {\"choices\": [32, 64, 128, 256]}}"}
{"op_code":5,"worker_id":"c2c92061-0a33-4145-9f94-c34a51dc9e5e-140326261499712","trial_id":49,"param_name":"input_dropout","param_value_internal":0.4032059081190972,"distribution":"{\"name\": \"FloatDistribution\", \"attributes\": {\"step\": null, \"low\": 0.1, \"high\": 0.5, \"log\": false}}"}
{"op_code":6,"worker_id":"c2c92061-0a33-4145-9f94-c34a51dc9e5e-140326261499712","trial_id":49,"state":1,"values":[0.8879525625303778],"datetime_complete":"2026-07-11T01:17:32.520628"}
